// Jest Snapshot v1, https://goo.gl/fbAQLP

exports[`Card tests should match the snapshot 1`] = `
ShallowWrapper {
  "length": 1,
  Symbol(enzyme.__root__): [Circular],
  Symbol(enzyme.__unrendered__): <Card
    addFavorites={[Function]}
    breed="lab"
    city="denver"
    clearFavorites={[Function]}
    favorites={
        Array [
            "favs",
          ]
    }
    name="brooklyn"
    picture="dogfinder.jpg"
    sex="M"
    state="Colorado"
    street="colfax"
    zip="80223"
/>,
  Symbol(enzyme.__renderer__): Object {
    "batchedUpdates": [Function],
    "getNode": [Function],
    "render": [Function],
    "simulateEvent": [Function],
    "unmount": [Function],
  },
  Symbol(enzyme.__node__): Object {
    "instance": null,
    "key": undefined,
    "nodeType": "host",
    "props": Object {
      "children": Array [
        <span
          className="favorite-button"
          onClick={[Function]}
>
          Favorite
</span>,
        <h2
          className="name"
>
           
          brooklyn
</h2>,
        <img
          className="picture"
          src="dogfinder.jpg"
/>,
        <h3
          className="breed"
>
          Breed:  
          lab
</h3>,
        <h4
          className="sex"
>
          Sex: 
          M
</h4>,
        <p
          className="street"
>
          colfax
</p>,
        <p
          className="city"
>
          denver
</p>,
        <p
          className="state"
>
          Colorado
</p>,
        <p
          className="zip"
>
          80223
</p>,
      ],
      "className": "card",
    },
    "ref": null,
    "rendered": Array [
      Object {
        "instance": null,
        "key": undefined,
        "nodeType": "host",
        "props": Object {
          "children": "Favorite",
          "className": "favorite-button",
          "onClick": [Function],
        },
        "ref": null,
        "rendered": "Favorite",
        "type": "span",
      },
      Object {
        "instance": null,
        "key": undefined,
        "nodeType": "host",
        "props": Object {
          "children": Array [
            " ",
            "brooklyn",
          ],
          "className": "name",
        },
        "ref": null,
        "rendered": Array [
          " ",
          "brooklyn",
        ],
        "type": "h2",
      },
      Object {
        "instance": null,
        "key": undefined,
        "nodeType": "host",
        "props": Object {
          "className": "picture",
          "src": "dogfinder.jpg",
        },
        "ref": null,
        "rendered": null,
        "type": "img",
      },
      Object {
        "instance": null,
        "key": undefined,
        "nodeType": "host",
        "props": Object {
          "children": Array [
            "Breed:  ",
            "lab",
          ],
          "className": "breed",
        },
        "ref": null,
        "rendered": Array [
          "Breed:  ",
          "lab",
        ],
        "type": "h3",
      },
      Object {
        "instance": null,
        "key": undefined,
        "nodeType": "host",
        "props": Object {
          "children": Array [
            "Sex: ",
            "M",
          ],
          "className": "sex",
        },
        "ref": null,
        "rendered": Array [
          "Sex: ",
          "M",
        ],
        "type": "h4",
      },
      Object {
        "instance": null,
        "key": undefined,
        "nodeType": "host",
        "props": Object {
          "children": "colfax",
          "className": "street",
        },
        "ref": null,
        "rendered": "colfax",
        "type": "p",
      },
      Object {
        "instance": null,
        "key": undefined,
        "nodeType": "host",
        "props": Object {
          "children": "denver",
          "className": "city",
        },
        "ref": null,
        "rendered": "denver",
        "type": "p",
      },
      Object {
        "instance": null,
        "key": undefined,
        "nodeType": "host",
        "props": Object {
          "children": "Colorado",
          "className": "state",
        },
        "ref": null,
        "rendered": "Colorado",
        "type": "p",
      },
      Object {
        "instance": null,
        "key": undefined,
        "nodeType": "host",
        "props": Object {
          "children": "80223",
          "className": "zip",
        },
        "ref": null,
        "rendered": "80223",
        "type": "p",
      },
    ],
    "type": "div",
  },
  Symbol(enzyme.__nodes__): Array [
    Object {
      "instance": null,
      "key": undefined,
      "nodeType": "host",
      "props": Object {
        "children": Array [
          <span
            className="favorite-button"
            onClick={[Function]}
>
            Favorite
</span>,
          <h2
            className="name"
>
             
            brooklyn
</h2>,
          <img
            className="picture"
            src="dogfinder.jpg"
/>,
          <h3
            className="breed"
>
            Breed:  
            lab
</h3>,
          <h4
            className="sex"
>
            Sex: 
            M
</h4>,
          <p
            className="street"
>
            colfax
</p>,
          <p
            className="city"
>
            denver
</p>,
          <p
            className="state"
>
            Colorado
</p>,
          <p
            className="zip"
>
            80223
</p>,
        ],
        "className": "card",
      },
      "ref": null,
      "rendered": Array [
        Object {
          "instance": null,
          "key": undefined,
          "nodeType": "host",
          "props": Object {
            "children": "Favorite",
            "className": "favorite-button",
            "onClick": [Function],
          },
          "ref": null,
          "rendered": "Favorite",
          "type": "span",
        },
        Object {
          "instance": null,
          "key": undefined,
          "nodeType": "host",
          "props": Object {
            "children": Array [
              " ",
              "brooklyn",
            ],
            "className": "name",
          },
          "ref": null,
          "rendered": Array [
            " ",
            "brooklyn",
          ],
          "type": "h2",
        },
        Object {
          "instance": null,
          "key": undefined,
          "nodeType": "host",
          "props": Object {
            "className": "picture",
            "src": "dogfinder.jpg",
          },
          "ref": null,
          "rendered": null,
          "type": "img",
        },
        Object {
          "instance": null,
          "key": undefined,
          "nodeType": "host",
          "props": Object {
            "children": Array [
              "Breed:  ",
              "lab",
            ],
            "className": "breed",
          },
          "ref": null,
          "rendered": Array [
            "Breed:  ",
            "lab",
          ],
          "type": "h3",
        },
        Object {
          "instance": null,
          "key": undefined,
          "nodeType": "host",
          "props": Object {
            "children": Array [
              "Sex: ",
              "M",
            ],
            "className": "sex",
          },
          "ref": null,
          "rendered": Array [
            "Sex: ",
            "M",
          ],
          "type": "h4",
        },
        Object {
          "instance": null,
          "key": undefined,
          "nodeType": "host",
          "props": Object {
            "children": "colfax",
            "className": "street",
          },
          "ref": null,
          "rendered": "colfax",
          "type": "p",
        },
        Object {
          "instance": null,
          "key": undefined,
          "nodeType": "host",
          "props": Object {
            "children": "denver",
            "className": "city",
          },
          "ref": null,
          "rendered": "denver",
          "type": "p",
        },
        Object {
          "instance": null,
          "key": undefined,
          "nodeType": "host",
          "props": Object {
            "children": "Colorado",
            "className": "state",
          },
          "ref": null,
          "rendered": "Colorado",
          "type": "p",
        },
        Object {
          "instance": null,
          "key": undefined,
          "nodeType": "host",
          "props": Object {
            "children": "80223",
            "className": "zip",
          },
          "ref": null,
          "rendered": "80223",
          "type": "p",
        },
      ],
      "type": "div",
    },
  ],
  Symbol(enzyme.__options__): Object {
    "adapter": ReactSixteenAdapter {
      "options": Object {
        "enableComponentDidUpdateOnSetState": true,
      },
    },
  },
}
`;
