// Jest Snapshot v1, https://goo.gl/fbAQLP

exports[`Map tests should match the snapshot 1`] = `
ShallowWrapper {
  "length": 1,
  Symbol(enzyme.__root__): [Circular],
  Symbol(enzyme.__unrendered__): <Map
    dispatch={[Function]}
    history={
        Object {
            "key": "value",
          }
    }
    location={
        Array [
            "denver",
          ]
    }
    match={
        Object {
            "key": "value",
          }
    }
/>,
  Symbol(enzyme.__renderer__): Object {
    "batchedUpdates": [Function],
    "getNode": [Function],
    "render": [Function],
    "simulateEvent": [Function],
    "unmount": [Function],
  },
  Symbol(enzyme.__node__): Object {
    "instance": null,
    "key": undefined,
    "nodeType": "host",
    "props": Object {
      "children": <GoogleMap
        debounced={true}
        defaultCenter={
                Object {
                        "lat": undefined,
                        "lng": undefined,
                      }
        }
        defaultZoom={10}
        distanceToMouse={[Function]}
        googleMapLoader={[Function]}
        hoverDistance={30}
        layerTypes={Array []}
        options={[Function]}
        style={
                Object {
                        "height": "100%",
                        "margin": 0,
                        "padding": 0,
                        "position": "relative",
                        "width": "100%",
                      }
        }
        yesIWantToUseGoogleMapApiInternals={false}
/>,
      "className": "google-map",
    },
    "ref": null,
    "rendered": Object {
      "instance": null,
      "key": undefined,
      "nodeType": "class",
      "props": Object {
        "debounced": true,
        "defaultCenter": Object {
          "lat": undefined,
          "lng": undefined,
        },
        "defaultZoom": 10,
        "distanceToMouse": [Function],
        "googleMapLoader": [Function],
        "hoverDistance": 30,
        "layerTypes": Array [],
        "options": [Function],
        "style": Object {
          "height": "100%",
          "margin": 0,
          "padding": 0,
          "position": "relative",
          "width": "100%",
        },
        "yesIWantToUseGoogleMapApiInternals": false,
      },
      "ref": null,
      "rendered": null,
      "type": [Function],
    },
    "type": "div",
  },
  Symbol(enzyme.__nodes__): Array [
    Object {
      "instance": null,
      "key": undefined,
      "nodeType": "host",
      "props": Object {
        "children": <GoogleMap
          debounced={true}
          defaultCenter={
                    Object {
                              "lat": undefined,
                              "lng": undefined,
                            }
          }
          defaultZoom={10}
          distanceToMouse={[Function]}
          googleMapLoader={[Function]}
          hoverDistance={30}
          layerTypes={Array []}
          options={[Function]}
          style={
                    Object {
                              "height": "100%",
                              "margin": 0,
                              "padding": 0,
                              "position": "relative",
                              "width": "100%",
                            }
          }
          yesIWantToUseGoogleMapApiInternals={false}
/>,
        "className": "google-map",
      },
      "ref": null,
      "rendered": Object {
        "instance": null,
        "key": undefined,
        "nodeType": "class",
        "props": Object {
          "debounced": true,
          "defaultCenter": Object {
            "lat": undefined,
            "lng": undefined,
          },
          "defaultZoom": 10,
          "distanceToMouse": [Function],
          "googleMapLoader": [Function],
          "hoverDistance": 30,
          "layerTypes": Array [],
          "options": [Function],
          "style": Object {
            "height": "100%",
            "margin": 0,
            "padding": 0,
            "position": "relative",
            "width": "100%",
          },
          "yesIWantToUseGoogleMapApiInternals": false,
        },
        "ref": null,
        "rendered": null,
        "type": [Function],
      },
      "type": "div",
    },
  ],
  Symbol(enzyme.__options__): Object {
    "adapter": ReactSixteenAdapter {
      "options": Object {
        "enableComponentDidUpdateOnSetState": true,
      },
    },
  },
}
`;
