// Jest Snapshot v1, https://goo.gl/fbAQLP

exports[`NavBar tests should match the snapshot 1`] = `
ShallowWrapper {
  "length": 1,
  Symbol(enzyme.__root__): [Circular],
  Symbol(enzyme.__unrendered__): <NavBar
    dogs={
        Array [
            "pups",
          ]
    }
    getAllDogs={[Function]}
    getCurrentLocation={[Function]}
    history={
        Object {
            "key": "value",
          }
    }
    location={
        Array [
            "location",
          ]
    }
    match={
        Object {
            "key": "value",
          }
    }
/>,
  Symbol(enzyme.__renderer__): Object {
    "batchedUpdates": [Function],
    "getNode": [Function],
    "render": [Function],
    "simulateEvent": [Function],
    "unmount": [Function],
  },
  Symbol(enzyme.__node__): Object {
    "instance": null,
    "key": undefined,
    "nodeType": "host",
    "props": Object {
      "children": Array [
        <h1>
          WAG.BoG
</h1>,
        <NavLink
          activeClassName="active"
          ariaCurrent="true"
          className="nav"
          exact={true}
          to="/"
>
          Home
</NavLink>,
        <NavLink
          activeClassName="active"
          ariaCurrent="true"
          className="nav"
          to="/search"
>
          Search
</NavLink>,
        <NavLink
          activeClassName="active"
          ariaCurrent="true"
          className="nav"
          to="/map"
>
          Map
</NavLink>,
      ],
      "className": "nav-bar",
    },
    "ref": null,
    "rendered": Array [
      Object {
        "instance": null,
        "key": undefined,
        "nodeType": "host",
        "props": Object {
          "children": "WAG.BoG",
        },
        "ref": null,
        "rendered": "WAG.BoG",
        "type": "h1",
      },
      Object {
        "instance": null,
        "key": undefined,
        "nodeType": "function",
        "props": Object {
          "activeClassName": "active",
          "ariaCurrent": "true",
          "children": "Home",
          "className": "nav",
          "exact": true,
          "to": "/",
        },
        "ref": null,
        "rendered": "Home",
        "type": [Function],
      },
      Object {
        "instance": null,
        "key": undefined,
        "nodeType": "function",
        "props": Object {
          "activeClassName": "active",
          "ariaCurrent": "true",
          "children": "Search",
          "className": "nav",
          "to": "/search",
        },
        "ref": null,
        "rendered": "Search",
        "type": [Function],
      },
      Object {
        "instance": null,
        "key": undefined,
        "nodeType": "function",
        "props": Object {
          "activeClassName": "active",
          "ariaCurrent": "true",
          "children": "Map",
          "className": "nav",
          "to": "/map",
        },
        "ref": null,
        "rendered": "Map",
        "type": [Function],
      },
    ],
    "type": "div",
  },
  Symbol(enzyme.__nodes__): Array [
    Object {
      "instance": null,
      "key": undefined,
      "nodeType": "host",
      "props": Object {
        "children": Array [
          <h1>
            WAG.BoG
</h1>,
          <NavLink
            activeClassName="active"
            ariaCurrent="true"
            className="nav"
            exact={true}
            to="/"
>
            Home
</NavLink>,
          <NavLink
            activeClassName="active"
            ariaCurrent="true"
            className="nav"
            to="/search"
>
            Search
</NavLink>,
          <NavLink
            activeClassName="active"
            ariaCurrent="true"
            className="nav"
            to="/map"
>
            Map
</NavLink>,
        ],
        "className": "nav-bar",
      },
      "ref": null,
      "rendered": Array [
        Object {
          "instance": null,
          "key": undefined,
          "nodeType": "host",
          "props": Object {
            "children": "WAG.BoG",
          },
          "ref": null,
          "rendered": "WAG.BoG",
          "type": "h1",
        },
        Object {
          "instance": null,
          "key": undefined,
          "nodeType": "function",
          "props": Object {
            "activeClassName": "active",
            "ariaCurrent": "true",
            "children": "Home",
            "className": "nav",
            "exact": true,
            "to": "/",
          },
          "ref": null,
          "rendered": "Home",
          "type": [Function],
        },
        Object {
          "instance": null,
          "key": undefined,
          "nodeType": "function",
          "props": Object {
            "activeClassName": "active",
            "ariaCurrent": "true",
            "children": "Search",
            "className": "nav",
            "to": "/search",
          },
          "ref": null,
          "rendered": "Search",
          "type": [Function],
        },
        Object {
          "instance": null,
          "key": undefined,
          "nodeType": "function",
          "props": Object {
            "activeClassName": "active",
            "ariaCurrent": "true",
            "children": "Map",
            "className": "nav",
            "to": "/map",
          },
          "ref": null,
          "rendered": "Map",
          "type": [Function],
        },
      ],
      "type": "div",
    },
  ],
  Symbol(enzyme.__options__): Object {
    "adapter": ReactSixteenAdapter {
      "options": Object {
        "enableComponentDidUpdateOnSetState": true,
      },
    },
  },
}
`;
